// Vitest Snapshot v1, https://vitest.dev/guide/snapshot.html

exports[`runs the \`postGenerate\` hook 1`] = `
"{
  "documentName": "component",
  "entityName": "foo",
  "files": [
    {
      "content": "<template>{{yield}}</template>\\n",
      "name": "foo.gjs",
      "path": "post-generate-info/src/components/foo.gjs"
    }
  ]
}"
`;
